#-----------------------------------------------------------
# Vivado v2024.1 (64-bit)
# SW Build 5076996 on Wed May 22 18:37:14 MDT 2024
# IP Build 5075265 on Wed May 22 21:45:21 MDT 2024
# SharedData Build 5076995 on Wed May 22 18:29:18 MDT 2024
# Start of session at: Sat Oct 26 16:37:01 2024
# Process ID: 23036
# Current directory: C:/Data-Mobility-Optimization-ML-IoT/Hardware/Vivado/Debug/Debug/Debug.runs/Test_1_pulse_generator_1_0_synth_1
# Command line: vivado.exe -log Test_1_pulse_generator_1_0.vds -product Vivado -mode batch -messageDb vivado.pb -notrace -source Test_1_pulse_generator_1_0.tcl
# Log file: C:/Data-Mobility-Optimization-ML-IoT/Hardware/Vivado/Debug/Debug/Debug.runs/Test_1_pulse_generator_1_0_synth_1/Test_1_pulse_generator_1_0.vds
# Journal file: C:/Data-Mobility-Optimization-ML-IoT/Hardware/Vivado/Debug/Debug/Debug.runs/Test_1_pulse_generator_1_0_synth_1\vivado.jou
# Running On        :TUF-F15
# Platform          :Windows Server 2016 or Windows 10
# Operating System  :22631
# Processor Detail  :12th Gen Intel(R) Core(TM) i7-12700H
# CPU Frequency     :2688 MHz
# CPU Physical cores:14
# CPU Logical cores :20
# Host memory       :16781 MB
# Swap memory       :11274 MB
# Total Virtual     :28056 MB
# Available Virtual :12998 MB
#-----------------------------------------------------------
source Test_1_pulse_generator_1_0.tcl -notrace
