#-----------------------------------------------------------
# Vivado v2023.2 (64-bit)
# SW Build 4029153 on Fri Oct 13 20:13:54 MDT 2023
# IP Build 4028589 on Sat Oct 14 00:45:43 MDT 2023
# SharedData Build 4025554 on Tue Oct 10 17:18:54 MDT 2023
# Start of session at: Fri May  3 15:25:06 2024
# Process ID: 5874
# Current directory: /home/illubaby/RISC-V/RISCVAIoT/SoC/SoCSource
# Command line: vivado
# Log file: /home/illubaby/RISC-V/RISCVAIoT/SoC/SoCSource/vivado.log
# Journal file: /home/illubaby/RISC-V/RISCVAIoT/SoC/SoCSource/vivado.jou
# Running On: illubaby-ASUS-TUF-Gaming-F15, OS: Linux, CPU Frequency: 1889.387 MHz, CPU Physical cores: 14, Host memory: 16361 MB
#-----------------------------------------------------------
start_gui
open_project /home/illubaby/Documents/GitHub/Optimization_RISC-V/Implementation/Picorv32/Picorv32.xpr
update_compile_order -fileset sources_1
export_ip_user_files -of_objects  [get_files /home/illubaby/RISC-V/RISCVAIoT/SoC/SoCSource/source/accel_source/al_accel_RDATA_ctrl.v] -no_script -reset -force -quiet
remove_files  /home/illubaby/RISC-V/RISCVAIoT/SoC/SoCSource/source/accel_source/al_accel_RDATA_ctrl.v
add_files -norecurse /home/illubaby/RISC-V/RISCVAIoT/SoC/SoCSource/source/accel_source/al_accel_RDATA_ctrl.v
update_compile_order -fileset sources_1
open_bd_design {/home/illubaby/Documents/GitHub/Optimization_RISC-V/Implementation/Picorv32/Picorv32.srcs/sources_1/bd/design_2/design_2.bd}
create_bd_cell -type module -reference al_accel_RDATA_ctrl al_accel_RDATA_ctrl_0
add_files -norecurse /home/illubaby/RISC-V/RISCVAIoT/SoC/SoCSource/source/accel_source/al_accel_pu.v
update_compile_order -fileset sources_1
export_ip_user_files -of_objects  [get_files /home/illubaby/RISC-V/RISCVAIoT/SoC/SoCSource/source/accel_source/al_accel_pu.v] -no_script -reset -force -quiet
remove_files  /home/illubaby/RISC-V/RISCVAIoT/SoC/SoCSource/source/accel_source/al_accel_pu.v
add_files -norecurse /home/illubaby/RISC-V/RISCVAIoT/SoC/SoCSource/source/accel_source/al_accel_pu.v
update_compile_order -fileset sources_1
delete_bd_objs [get_bd_cells al_accel_RDATA_ctrl_0]
add_files -norecurse /home/illubaby/RISC-V/RISCVAIoT/SoC/SoCSource/source/accel_source/al_accel_mac.v
update_compile_order -fileset sources_1
# Disabling source management mode.  This is to allow the top design properties to be set without GUI intervention.
set_property source_mgmt_mode None [current_project]
set_property top al_accel_mac [current_fileset]
# Re-enabling previously disabled source management mode.
set_property source_mgmt_mode All [current_project]
update_compile_order -fileset sources_1
save_bd_design
launch_simulation
source testbench.tcl
export_ip_user_files -of_objects  [get_files /home/illubaby/RISC-V/RISCVAIoT/SoC/SoCSource/source/accel_source/al_accel_pu.v] -no_script -reset -force -quiet
remove_files  /home/illubaby/RISC-V/RISCVAIoT/SoC/SoCSource/source/accel_source/al_accel_pu.v
export_ip_user_files -of_objects  [get_files /home/illubaby/RISC-V/RISCVAIoT/SoC/SoCSource/source/accel_source/al_accel_RDATA_ctrl.v] -no_script -reset -force -quiet
remove_files  /home/illubaby/RISC-V/RISCVAIoT/SoC/SoCSource/source/accel_source/al_accel_RDATA_ctrl.v
export_ip_user_files -of_objects  [get_files /home/illubaby/RISC-V/RISCVAIoT/SoC/SoCSource/source/accel_source/al_accel_mac.v] -no_script -reset -force -quiet
remove_files  /home/illubaby/RISC-V/RISCVAIoT/SoC/SoCSource/source/accel_source/al_accel_mac.v
update_compile_order -fileset sources_1
update_compile_order -fileset sources_1
add_files -norecurse /home/illubaby/RISC-V/RISCVAIoT/SoC/SoCSource/source/accel_source/al_accel_config_regs.v
update_compile_order -fileset sources_1
export_ip_user_files -of_objects  [get_files /home/illubaby/RISC-V/RISCVAIoT/SoC/SoCSource/source/accel_source/al_accel_config_regs.v] -no_script -reset -force -quiet
remove_files  /home/illubaby/RISC-V/RISCVAIoT/SoC/SoCSource/source/accel_source/al_accel_config_regs.v
add_files -norecurse /home/illubaby/RISC-V/RISCVAIoT/SoC/SoCSource/source/accel_source/al_accel_config_regs.v
update_compile_order -fileset sources_1
export_ip_user_files -of_objects  [get_files /home/illubaby/RISC-V/RISCVAIoT/SoC/SoCSource/source/accel_source/al_accel_config_regs.v] -no_script -reset -force -quiet
remove_files  /home/illubaby/RISC-V/RISCVAIoT/SoC/SoCSource/source/accel_source/al_accel_config_regs.v
add_files -norecurse /home/illubaby/RISC-V/RISCVAIoT/SoC/SoCSource/source/accel_source/al_accel_config_regs.v
update_compile_order -fileset sources_1
close_sim
