#-----------------------------------------------------------
# Vivado v2024.1 (64-bit)
# SW Build 5076996 on Wed May 22 18:37:14 MDT 2024
# IP Build 5075265 on Wed May 22 21:45:21 MDT 2024
# SharedData Build 5076995 on Wed May 22 18:29:18 MDT 2024
# Start of session at: Sun Sep  1 10:31:14 2024
# Process ID: 31652
# Current directory: C:/Users/ADMIN/OneDrive/GitHub/FPGA/Data_Mobility/Data_Mobility.runs/gpio_util_vector_logic_0_0_synth_1
# Command line: vivado.exe -log gpio_util_vector_logic_0_0.vds -product Vivado -mode batch -messageDb vivado.pb -notrace -source gpio_util_vector_logic_0_0.tcl
# Log file: C:/Users/ADMIN/OneDrive/GitHub/FPGA/Data_Mobility/Data_Mobility.runs/gpio_util_vector_logic_0_0_synth_1/gpio_util_vector_logic_0_0.vds
# Journal file: C:/Users/ADMIN/OneDrive/GitHub/FPGA/Data_Mobility/Data_Mobility.runs/gpio_util_vector_logic_0_0_synth_1\vivado.jou
# Running On        :TUF-F15
# Platform          :Windows Server 2016 or Windows 10
# Operating System  :22631
# Processor Detail  :12th Gen Intel(R) Core(TM) i7-12700H
# CPU Frequency     :2688 MHz
# CPU Physical cores:14
# CPU Logical cores :20
# Host memory       :16781 MB
# Swap memory       :14495 MB
# Total Virtual     :31277 MB
# Available Virtual :13375 MB
#-----------------------------------------------------------
source gpio_util_vector_logic_0_0.tcl -notrace
