#-----------------------------------------------------------
# Vivado v2024.1 (64-bit)
# SW Build 5076996 on Wed May 22 18:37:14 MDT 2024
# IP Build 5075265 on Wed May 22 21:45:21 MDT 2024
# SharedData Build 5076995 on Wed May 22 18:29:18 MDT 2024
# Start of session at: Tue Oct  8 10:05:23 2024
# Process ID: 32000
# Current directory: C:/Data-Mobility-Optimization-ML-IoT/Hardware/Vivado/Data_Mobility/Data_Mobility.runs/original_system_axi_gpio_6_0_synth_1
# Command line: vivado.exe -log original_system_axi_gpio_6_0.vds -product Vivado -mode batch -messageDb vivado.pb -notrace -source original_system_axi_gpio_6_0.tcl
# Log file: C:/Data-Mobility-Optimization-ML-IoT/Hardware/Vivado/Data_Mobility/Data_Mobility.runs/original_system_axi_gpio_6_0_synth_1/original_system_axi_gpio_6_0.vds
# Journal file: C:/Data-Mobility-Optimization-ML-IoT/Hardware/Vivado/Data_Mobility/Data_Mobility.runs/original_system_axi_gpio_6_0_synth_1\vivado.jou
# Running On        :TUF-F15
# Platform          :Windows Server 2016 or Windows 10
# Operating System  :22631
# Processor Detail  :12th Gen Intel(R) Core(TM) i7-12700H
# CPU Frequency     :2688 MHz
# CPU Physical cores:14
# CPU Logical cores :20
# Host memory       :16781 MB
# Swap memory       :20230 MB
# Total Virtual     :37012 MB
# Available Virtual :7913 MB
#-----------------------------------------------------------
source original_system_axi_gpio_6_0.tcl -notrace
